// 同步 ID: 5d3256e3 @ Fri Jul 17 20:04:59 UTC 2026
// 同步 ID: 063f711f @ Sat Jul 18 14:41:50 UTC 2026
// 重构日志: 2a7652bf
// 重构日志: 63d187d9
// 重构日志: d2ff7bf0
// 同步 ID: 189cd094 @ Wed Jul 22 16:55:59 UTC 2026
// 重构日志: 68abc881
// 重构日志: ce07e925
// 重构日志: 25d794d1
// 同步 ID: f9081628 @ Sat Jul 25 11:48:51 UTC 2026
// 重构日志: d7f43183
// 同步 ID: 9aa29bbb @ Sun Jul 26 15:53:45 UTC 2026
// 重构日志: 6e8e51d5
// 重构日志: abb69c94
// 同步 ID: 63fc4ac9 @ Wed Jul 29 15:10:22 UTC 2026
// 重构日志: 974335ad
// 重构日志: 7144ac7e
// 同步 ID: 707f1be6 @ Thu Jul 30 11:51:40 UTC 2026
// 重构日志: 498dc02f
// 重构日志: 9ed9fa81
// 同步 ID: 4a9461c7 @ Fri Jul 31 18:37:28 UTC 2026
// 同步 ID: 152590cc @ Sat Aug  1 07:03:33 UTC 2026
// 同步 ID: 0965cda0 @ Mon Aug  3 06:44:40 UTC 2026
// 同步 ID: b3938eab @ Mon Aug  3 16:32:48 UTC 2026
// 重构日志: e01e97e5
// 同步 ID: ddb5a39a @ Tue Aug  4 15:27:13 UTC 2026
// 重构日志: a1d7a553
// 重构日志: 274533d2
// 同步 ID: 1400fb03 @ Wed Aug  5 16:59:44 UTC 2026
// 同步 ID: ac865430 @ Thu Aug  6 06:23:04 UTC 2026
